Microchip MPLAB XC8 Compiler V1.38 ()

Linker command line:

-W-3 --edf=C:\Program Files (x86)\Microchip\xc8\v1.38\dat\en_msgs.txt -cs \
  -h+dist/default/debug\L01_814002896XC8.X.debug.sym \
  --cmf=dist/default/debug\L01_814002896XC8.X.debug.cmf -z -Q18F452 \
  -oC:\Users\DANIEL~1\AppData\Local\Temp\sa0s.2 \
  -Mdist/default/debug/L01_814002896XC8.X.debug.map -E1 -ver=XC8 \
  -ASTACK=080h-05eeh -pstack=STACK -ACODE=00h-03FFFh,04000h-07CFFh \
  -ACONST=00h-07CFFh -ASMALLCONST=0600h-06FFhx119 \
  -AMEDIUMCONST=0600h-07CFFh -ACOMRAM=01h-07Fh -AABS1=00h-05EEh \
  -ABIGRAM=01h-05EEh -ARAM=080h-0FFh,0100h-01FFhx4,0500h-05EEh \
  -ABANK0=080h-0FFh -ABANK1=0100h-01FFh -ABANK2=0200h-02FFh \
  -ABANK3=0300h-03FFh -ABANK4=0400h-04FFh -ABANK5=0500h-05EEh \
  -ASFR=0F80h-0F9Bh,0F9Dh-0FD3h,0FD5h-0FDAh,0FE0h-0FE2h,0FE8h-0FEAh,0FF0h-0FFBh \
  -preset_vec=00h,intcode,intcodelo,powerup,init,end_init -pramtop=0600h \
  -psmallconst=SMALLCONST -pmediumconst=MEDIUMCONST -pconst=CONST \
  -AFARRAM=00h-00h -ACONFIG=0300000h-030000Dh -pconfig=CONFIG \
  -AIDLOC=0200000h-0200007h -pidloc=IDLOC -AEEDATA=0F00000h-0F000FFh \
  -peeprom_data=EEDATA \
  -prdata=COMRAM,nvrram=COMRAM,nvbit=COMRAM,rbss=COMRAM,rbit=COMRAM \
  -pfarbss=FARRAM,fardata=FARRAM,nvFARRAM=FARRAM \
  -pintsave_regs=BIGRAM,bigbss=BIGRAM,bigdata=BIGRAM -pbss=RAM \
  -pidata=CODE,irdata=CODE,ibigdata=CODE,ifardata=CODE -prparam=COMRAM \
  dist/default/debug\startup.obj \
  dist/default/debug\L01_814002896XC8.X.debug.obj \
  build/default/debug/_ext/691019325/lab1.obj 

Object code version is 3.11

Machine type is 18F452

Call graph: (short form)




                Name                               Link     Load   Length Selector   Space Scale
dist/default/debug\startup.obj
                end_init                              2        2        4        0       0
                text                               3ADC     3ADC        2     1D6E       0
                reset_vec                             0        0        2        0       0
                idloc                            200000   200000        8   200000       0
                config                           300000   300000        E   300000       0
dist/default/debug\L01_814002896XC8.X.debug.obj
                text9                              3AE8     3AE8       14     1D74       0
                text8                              3C68     3C68       62     1E34       0
                text7                              3B16     3B16       2C     1D8B       0
                text6                              3AFC     3AFC       1A     1D7E       0
                text5                              3BD2     3BD2       4A     1DE9       0
                text4                              3B42     3B42       48     1DA1       0
                text3                              3E82     3E82      17E     1F41       0
                text2                              3B8A     3B8A       48     1DC5       0
                text1                              3CCA     3CCA       6C     1E65       0
                text0                              3D36     3D36      14C     1E9B       0
                cstackCOMRAM                          1        1        E        1       1
                bssCOMRAM                             F        F        2        1       1
                cinit                              3ADE     3ADE        A     1D6F       0
build/default/debug/_ext/691019325/lab1.obj
                mytext                             3C1C     3C1C       4C     1E0E       0

TOTAL           Name                               Link     Load   Length     Space
        CLASS   STACK          

        CLASS   CODE           
                end_init                              2        2        4         0
                text                               3ADC     3ADC        2         0
                reset_vec                             0        0        2         0
                text9                              3AE8     3AE8       14         0
                text8                              3C68     3C68       62         0
                text7                              3B16     3B16       2C         0
                text6                              3AFC     3AFC       1A         0
                text5                              3BD2     3BD2       4A         0
                text4                              3B42     3B42       48         0
                text3                              3E82     3E82      17E         0
                text2                              3B8A     3B8A       48         0
                text1                              3CCA     3CCA       6C         0
                text0                              3D36     3D36      14C         0
                cinit                              3ADE     3ADE        A         0
                mytext                             3C1C     3C1C       4C         0

        CLASS   CONST          

        CLASS   SMALLCONST     

        CLASS   MEDIUMCONST    

        CLASS   COMRAM         
                cstackCOMRAM                          1        1        E         1
                bssCOMRAM                             F        F        2         1

        CLASS   ABS1           

        CLASS   BIGRAM         

        CLASS   RAM            

        CLASS   BANK0          

        CLASS   BANK1          

        CLASS   BANK2          

        CLASS   BANK3          

        CLASS   BANK4          

        CLASS   BANK5          

        CLASS   SFR            

        CLASS   FARRAM         

        CLASS   CONFIG         
                config                           300000   300000        E         0

        CLASS   IDLOC          
                idloc                            200000   200000        8         0

        CLASS   EEDATA         



SEGMENTS        Name                           Load    Length   Top    Selector   Space  Class

                reset_vec                      000000  000006  000006         0       0  CODE    
                cstackCOMRAM                   000001  000010  000011         1       1  COMRAM  
                text                           003ADC  000002  003ADE      1D6E       0  CODE    
                cinit                          003ADE  00000A  003AE8      1D6F       0  CODE    
                text9                          003AE8  000014  003AFC      1D74       0  CODE    
                text6                          003AFC  00001A  003B16      1D7E       0  CODE    
                text7                          003B16  00002C  003B42      1D8B       0  CODE    
                text4                          003B42  000048  003B8A      1DA1       0  CODE    
                text2                          003B8A  000048  003BD2      1DC5       0  CODE    
                text5                          003BD2  00004A  003C1C      1DE9       0  CODE    
                mytext                         003C1C  00004C  003C68      1E0E       0  CODE    
                text8                          003C68  000062  003CCA      1E34       0  CODE    
                text1                          003CCA  00006C  003D36      1E65       0  CODE    
                text0                          003D36  00014C  003E82      1E9B       0  CODE    
                text3                          003E82  00017E  004000      1F41       0  CODE    
                idloc                          200000  000008  200008    200000       0  IDLOC   
                config                         300000  00000E  30000E    300000       0  CONFIG  


UNUSED ADDRESS RANGES

        Name                Unused          Largest block    Delta
        BANK0            000080-0000FF               80
        BANK1            000100-0001FF              100
        BANK2            000200-0002FF              100
        BANK3            000300-0003FF              100
        BANK4            000400-0004FF              100
        BANK5            000500-0005EE               EF
        BIGRAM           000011-0005EE              5DE
        CODE             000006-003ADB             3AD6
                         004000-007CFF             3D00
        COMRAM           000011-00007F               6F
        CONST            000006-003ADB             3AD6
                         004000-007CFF             3D00
        EEDATA           F00000-F000FF              100
        MEDIUMCONST      000600-003ADB             34DC
                         004000-007CFF             3D00
        RAM              000080-0005EE              100
        SFR              000F80-000F9B               1C
                         000F9D-000FD3               37
                         000FD5-000FDA                6
                         000FE0-000FE2                3
                         000FE8-000FEA                3
                         000FF0-000FFB                C
        SMALLCONST       000600-003ADB              100
                         004000-007CFF              100
        STACK            000080-0005EE              56F

                                  Symbol Table

Delay10KTCYx@unit                                              cstackCOMRAM 000002
OpenXLCD@lcdtype                                               cstackCOMRAM 000003
SetDDRamAddr@DDaddr                                            cstackCOMRAM 000001
WriteCmdXLCD@cmd                                               cstackCOMRAM 000001
WriteDataXLCD@data                                             cstackCOMRAM 000001
_BusyXLCD                                                      text8        003C68
_Delay10KTCYx                                                  text7        003B16
_DelayFor18TCY                                                 text9        003AE8
_DelayPORXLCD                                                  text6        003AFC
_LATDbits                                                      (abs)        000F8C
_MapIndex                                                      bssCOMRAM    00000F
_MapName                                                       (abs)        000480
_OpenXLCD                                                      text3        003E82
_PORTD                                                         (abs)        000F83
_SetDDRamAddr                                                  text5        003BD2
_TRISD                                                         (abs)        000F95
_TRISDbits                                                     (abs)        000F95
_WriteCmdXLCD                                                  text4        003B42
_WriteDataXLCD                                                 text2        003B8A
__CFG_LVP$OFF                                                  (abs)        000000
__CFG_OSC$HS                                                   (abs)        000000
__CFG_WDT$OFF                                                  (abs)        000000
__HRAM                                                         (abs)        000000
__Habs1                                                        abs1         000000
__Hbank0                                                       bank0        000000
__Hbank1                                                       bank1        000000
__Hbank2                                                       bank2        000000
__Hbank3                                                       bank3        000000
__Hbank4                                                       bank4        000000
__Hbank5                                                       bank5        000000
__Hbigbss                                                      bigbss       000000
__Hbigdata                                                     bigdata      000000
__Hbigram                                                      bigram       000000
__Hbss                                                         bss          000000
__HbssCOMRAM                                                   bssCOMRAM    000000
__Hcinit                                                       cinit        000000
__Hclrtext                                                     clrtext      000000
__Hcomram                                                      comram       000000
__Hconfig                                                      config       30000E
__Hconst                                                       const        000000
__HcstackCOMRAM                                                cstackCOMRAM 000000
__Hdata                                                        data         000000
__Heeprom_data                                                 eeprom_data  000000
__Hend_init                                                    end_init     000006
__Hfarbss                                                      farbss       000000
__Hfardata                                                     fardata      000000
__Hibigdata                                                    ibigdata     000000
__Hidata                                                       idata        000000
__Hidloc                                                       idloc        200008
__Hifardata                                                    ifardata     000000
__Hinit                                                        init         000002
__Hintcode                                                     intcode      000002
__Hintcode_body                                                intcode_body 000000
__Hintcodelo                                                   intcodelo    000002
__Hintentry                                                    intentry     000000
__Hintret                                                      intret       000000
__Hintsave_regs                                                intsave_regs 000000
__Hirdata                                                      irdata       000000
__Hmediumconst                                                 mediumconst  000000
__HnvFARRAM                                                    nvFARRAM     000000
__Hnvbit                                                       nvbit        000000
__Hnvrram                                                      nvrram       000000
__Hparam                                                       rparam       000000
__Hpowerup                                                     powerup      000002
__Hram                                                         ram          000000
__Hramtop                                                      ramtop       000600
__Hrbit                                                        rbit         000000
__Hrbss                                                        rbss         000000
__Hrdata                                                       rdata        000000
__Hreset_vec                                                   reset_vec    000002
__Hrparam                                                      rparam       000000
__Hsfr                                                         sfr          000000
__Hsmallconst                                                  smallconst   000000
__Hspace_0                                                     (abs)        30000E
__Hspace_1                                                     (abs)        000011
__Hspace_2                                                     (abs)        000000
__Hstack                                                       stack        000000
__Hstruct                                                      struct       000000
__Htemp                                                        temp         000000
__Htext                                                        text         000000
__Htext0                                                       text0        000000
__Htext1                                                       text1        000000
__Htext2                                                       text2        000000
__Htext3                                                       text3        000000
__Htext4                                                       text4        000000
__Htext5                                                       text5        000000
__Htext6                                                       text6        000000
__Htext7                                                       text7        000000
__Htext8                                                       text8        000000
__Htext9                                                       text9        000000
__LRAM                                                         (abs)        000001
__Labs1                                                        abs1         000000
__Lbank0                                                       bank0        000000
__Lbank1                                                       bank1        000000
__Lbank2                                                       bank2        000000
__Lbank3                                                       bank3        000000
__Lbank4                                                       bank4        000000
__Lbank5                                                       bank5        000000
__Lbigbss                                                      bigbss       000000
__Lbigdata                                                     bigdata      000000
__Lbigram                                                      bigram       000000
__Lbss                                                         bss          000000
__LbssCOMRAM                                                   bssCOMRAM    000000
__Lcinit                                                       cinit        000000
__Lclrtext                                                     clrtext      000000
__Lcomram                                                      comram       000000
__Lconfig                                                      config       300000
__Lconst                                                       const        000000
__LcstackCOMRAM                                                cstackCOMRAM 000000
__Ldata                                                        data         000000
__Leeprom_data                                                 eeprom_data  000000
__Lend_init                                                    end_init     000002
__Lfarbss                                                      farbss       000000
__Lfardata                                                     fardata      000000
__Libigdata                                                    ibigdata     000000
__Lidata                                                       idata        000000
__Lidloc                                                       idloc        200000
__Lifardata                                                    ifardata     000000
__Linit                                                        init         000002
__Lintcode                                                     intcode      000002
__Lintcode_body                                                intcode_body 000000
__Lintcodelo                                                   intcodelo    000002
__Lintentry                                                    intentry     000000
__Lintret                                                      intret       000000
__Lintsave_regs                                                intsave_regs 000000
__Lirdata                                                      irdata       000000
__Lmediumconst                                                 mediumconst  000000
__LnvFARRAM                                                    nvFARRAM     000000
__Lnvbit                                                       nvbit        000000
__Lnvrram                                                      nvrram       000000
__Lparam                                                       rparam       000000
__Lpowerup                                                     powerup      000002
__Lram                                                         ram          000000
__Lramtop                                                      ramtop       000600
__Lrbit                                                        rbit         000000
__Lrbss                                                        rbss         000000
__Lrdata                                                       rdata        000000
__Lreset_vec                                                   reset_vec    000000
__Lrparam                                                      rparam       000000
__Lsfr                                                         sfr          000000
__Lsmallconst                                                  smallconst   000000
__Lspace_0                                                     (abs)        000000
__Lspace_1                                                     (abs)        000000
__Lspace_2                                                     (abs)        000000
__Lstack                                                       stack        000000
__Lstruct                                                      struct       000000
__Ltemp                                                        temp         000000
__Ltext                                                        text         000000
__Ltext0                                                       text0        000000
__Ltext1                                                       text1        000000
__Ltext2                                                       text2        000000
__Ltext3                                                       text3        000000
__Ltext4                                                       text4        000000
__Ltext5                                                       text5        000000
__Ltext6                                                       text6        000000
__Ltext7                                                       text7        000000
__Ltext8                                                       text8        000000
__Ltext9                                                       text9        000000
__S0                                                           (abs)        30000E
__S1                                                           (abs)        000011
__S2                                                           (abs)        000000
___inthi_sp                                                    stack        000000
___intlo_sp                                                    stack        000000
___param_bank                                                  (abs)        000010
___rparam_used                                                 (abs)        000001
___sp                                                          stack        000000
__accesstop                                                    (abs)        000080
__activetblptr                                                 (abs)        000000
__cntErrataNOP_build/default/debug/_ext/691019325\lab1.obj     (abs)        000004
__cntErrataNOP_dist/default/debug\L01_814002896XC8.X.debug.obj (abs)        000058
__cntErrataNOP_dist/default/debug\startup.obj                  (abs)        000001
__end_of_BusyXLCD                                              text8        003CCA
__end_of_Delay10KTCYx                                          text7        003B42
__end_of_DelayFor18TCY                                         text9        003AFA
__end_of_DelayPORXLCD                                          text6        003B16
__end_of_OpenXLCD                                              text3        004000
__end_of_SetDDRamAddr                                          text5        003C1C
__end_of_WriteCmdXLCD                                          text4        003B8A
__end_of_WriteDataXLCD                                         text2        003BD2
__end_of__initialization                                       cinit        003AE2
__end_of_main                                                  text0        003E82
__end_of_putsXLCD                                              text1        003D36
__initialization                                               cinit        003ADE
__mediumconst                                                  mediumconst  000000
__pbssCOMRAM                                                   bssCOMRAM    00000F
__pcinit                                                       cinit        003ADE
__pcstackCOMRAM                                                cstackCOMRAM 000001
__ptext0                                                       text0        003D36
__ptext1                                                       text1        003CCA
__ptext2                                                       text2        003B8A
__ptext3                                                       text3        003E82
__ptext4                                                       text4        003B42
__ptext5                                                       text5        003BD2
__ptext6                                                       text6        003AFC
__ptext7                                                       text7        003B16
__ptext8                                                       text8        003C68
__ptext9                                                       text9        003AE8
__ramtop                                                       ramtop       000600
__size_of_BusyXLCD                                             (abs)        000000
__size_of_Delay10KTCYx                                         (abs)        000000
__size_of_DelayFor18TCY                                        (abs)        000000
__size_of_DelayPORXLCD                                         (abs)        000000
__size_of_OpenXLCD                                             (abs)        000000
__size_of_SetDDRamAddr                                         (abs)        000000
__size_of_WriteCmdXLCD                                         (abs)        000000
__size_of_WriteDataXLCD                                        (abs)        000000
__size_of_main                                                 (abs)        000000
__size_of_putsXLCD                                             (abs)        000000
__smallconst                                                   smallconst   000000
_getMapChar                                                    mytext       003C44
_init                                                          mytext       003C1C
_main                                                          text0        003D36
_putsXLCD                                                      text1        003CCA
end_of_initialization                                          cinit        003AE2
intlevel0                                                      text         003ADC
intlevel1                                                      text         003ADC
intlevel2                                                      text         003ADC
intlevel3                                                      text         003ADC
main@Char                                                      cstackCOMRAM 000005
main@i                                                         cstackCOMRAM 00000D
putsXLCD@buffer                                                cstackCOMRAM 000002
stackhi                                                        (abs)        0005EE
stacklo                                                        (abs)        000080
start                                                          init         000002
start_initialization                                           cinit        003ADE


FUNCTION INFORMATION:

 *************** function _main *****************
 Defined at:
		line 30 in file "C:/Users/Daniel Phillips/Documents/UWI/Year 3/ECNG 3006/Projects/L01_814002896XC8.X/lab1asm.c"
 Parameters:    Size  Location     Type
		None
 Auto vars:     Size  Location     Type
  Char            8    4[COMRAM] unsigned char [8]
  i               2   12[COMRAM] int 
 Return value:  Size  Location     Type
                  1    wreg      void 
 Registers used:
		wreg, fsr0l, fsr0h, fsr1l, fsr1h, fsr1l, fsr1h, fsr2l, fsr2h, status,2, status,0, pclat, btemp, btemp+1, btemp+2, btemp+3, btemp+4, btemp+5, btemp+6, btemp+7, btemp+8, btemp+9, btemp+10, btemp+11, tosl, structret, tblptrl, tblptrh, tblptru, prodl, prodh, bsr, cstack
 Tracked objects:
		On entry : 
		On exit  : 
		Unchanged: 
 Data sizes:     COMRAM   BANK0   BANK1   BANK2   BANK3   BANK4   BANK5
      Params:         0       0       0       0       0       0       0
      Locals:        10       0       0       0       0       0       0
      Temps:          1       0       0       0       0       0       0
      Totals:        11       0       0       0       0       0       0
Total ram usage:       11 bytes
 Hardware stack levels required when called:    3
 This function calls:
		_BusyXLCD
		_OpenXLCD
		_SetDDRamAddr
		_WriteCmdXLCD
		_getMapChar
		_init
		_putsXLCD
 This function is called by:
		Startup code after reset
 This function uses a non-reentrant model


 *************** function _putsXLCD *****************
 Defined at:
		line 16 in file "C:/Users/Daniel Phillips/Documents/UWI/Year 3/ECNG 3006/Projects/L01_814002896XC8.X/putsxlcd.c"
 Parameters:    Size  Location     Type
  buffer          2    1[COMRAM] PTR unsigned char 
		 -> main@Char(8), 
 Auto vars:     Size  Location     Type
		None
 Return value:  Size  Location     Type
                  1    wreg      void 
 Registers used:
		wreg, fsr2l, fsr2h, status,2, status,0, cstack
 Tracked objects:
		On entry : 
		On exit  : 
		Unchanged: 
 Data sizes:     COMRAM   BANK0   BANK1   BANK2   BANK3   BANK4   BANK5
      Params:         2       0       0       0       0       0       0
      Locals:         0       0       0       0       0       0       0
      Temps:          0       0       0       0       0       0       0
      Totals:         2       0       0       0       0       0       0
Total ram usage:        2 bytes
 Hardware stack levels used:    1
 Hardware stack levels required when called:    2
 This function calls:
		_BusyXLCD
		_WriteDataXLCD
 This function is called by:
		_main
 This function uses a non-reentrant model


 *************** function _WriteDataXLCD *****************
 Defined at:
		line 16 in file "C:/Users/Daniel Phillips/Documents/UWI/Year 3/ECNG 3006/Projects/L01_814002896XC8.X/writdata.c"
 Parameters:    Size  Location     Type
  data            1    wreg     unsigned char 
 Auto vars:     Size  Location     Type
  data            1    0[COMRAM] unsigned char 
 Return value:  Size  Location     Type
                  1    wreg      void 
 Registers used:
		wreg, status,2, status,0, cstack
 Tracked objects:
		On entry : 
		On exit  : 
		Unchanged: 
 Data sizes:     COMRAM   BANK0   BANK1   BANK2   BANK3   BANK4   BANK5
      Params:         0       0       0       0       0       0       0
      Locals:         1       0       0       0       0       0       0
      Temps:          0       0       0       0       0       0       0
      Totals:         1       0       0       0       0       0       0
Total ram usage:        1 bytes
 Hardware stack levels used:    1
 Hardware stack levels required when called:    1
 This function calls:
		_DelayFor18TCY
 This function is called by:
		_putsXLCD
		_putrsXLCD
 This function uses a non-reentrant model


 *************** function _OpenXLCD *****************
 Defined at:
		line 19 in file "C:/Users/Daniel Phillips/Documents/UWI/Year 3/ECNG 3006/Projects/L01_814002896XC8.X/openxlcd.c"
 Parameters:    Size  Location     Type
  lcdtype         1    wreg     unsigned char 
 Auto vars:     Size  Location     Type
  lcdtype         1    2[COMRAM] unsigned char 
 Return value:  Size  Location     Type
                  1    wreg      void 
 Registers used:
		wreg, status,2, status,0, cstack
 Tracked objects:
		On entry : 
		On exit  : 
		Unchanged: 
 Data sizes:     COMRAM   BANK0   BANK1   BANK2   BANK3   BANK4   BANK5
      Params:         0       0       0       0       0       0       0
      Locals:         1       0       0       0       0       0       0
      Temps:          0       0       0       0       0       0       0
      Totals:         1       0       0       0       0       0       0
Total ram usage:        1 bytes
 Hardware stack levels used:    1
 Hardware stack levels required when called:    2
 This function calls:
		_BusyXLCD
		_Delay10KTCYx
		_DelayPORXLCD
		_SetDDRamAddr
		_WriteCmdXLCD
 This function is called by:
		_main
 This function uses a non-reentrant model


 *************** function _WriteCmdXLCD *****************
 Defined at:
		line 13 in file "C:/Users/Daniel Phillips/Documents/UWI/Year 3/ECNG 3006/Projects/L01_814002896XC8.X/wcmdxlcd.c"
 Parameters:    Size  Location     Type
  cmd             1    wreg     unsigned char 
 Auto vars:     Size  Location     Type
  cmd             1    0[COMRAM] unsigned char 
 Return value:  Size  Location     Type
                  1    wreg      void 
 Registers used:
		wreg, status,2, status,0, cstack
 Tracked objects:
		On entry : 
		On exit  : 
		Unchanged: 
 Data sizes:     COMRAM   BANK0   BANK1   BANK2   BANK3   BANK4   BANK5
      Params:         0       0       0       0       0       0       0
      Locals:         1       0       0       0       0       0       0
      Temps:          0       0       0       0       0       0       0
      Totals:         1       0       0       0       0       0       0
Total ram usage:        1 bytes
 Hardware stack levels used:    1
 Hardware stack levels required when called:    1
 This function calls:
		_DelayFor18TCY
 This function is called by:
		_main
		_OpenXLCD
 This function uses a non-reentrant model


 *************** function _SetDDRamAddr *****************
 Defined at:
		line 13 in file "C:/Users/Daniel Phillips/Documents/UWI/Year 3/ECNG 3006/Projects/L01_814002896XC8.X/setddram.c"
 Parameters:    Size  Location     Type
  DDaddr          1    wreg     unsigned char 
 Auto vars:     Size  Location     Type
  DDaddr          1    0[COMRAM] unsigned char 
 Return value:  Size  Location     Type
                  1    wreg      void 
 Registers used:
		wreg, status,2, status,0, cstack
 Tracked objects:
		On entry : 
		On exit  : 
		Unchanged: 
 Data sizes:     COMRAM   BANK0   BANK1   BANK2   BANK3   BANK4   BANK5
      Params:         0       0       0       0       0       0       0
      Locals:         1       0       0       0       0       0       0
      Temps:          0       0       0       0       0       0       0
      Totals:         1       0       0       0       0       0       0
Total ram usage:        1 bytes
 Hardware stack levels used:    1
 Hardware stack levels required when called:    1
 This function calls:
		_DelayFor18TCY
 This function is called by:
		_main
		_OpenXLCD
 This function uses a non-reentrant model


 *************** function _DelayPORXLCD *****************
 Defined at:
		line 26 in file "C:/Users/Daniel Phillips/Documents/UWI/Year 3/ECNG 3006/Projects/L01_814002896XC8.X/lab1asm.c"
 Parameters:    Size  Location     Type
		None
 Auto vars:     Size  Location     Type
		None
 Return value:  Size  Location     Type
                  1    wreg      void 
 Registers used:
		wreg
 Tracked objects:
		On entry : 
		On exit  : 
		Unchanged: 
 Data sizes:     COMRAM   BANK0   BANK1   BANK2   BANK3   BANK4   BANK5
      Params:         0       0       0       0       0       0       0
      Locals:         0       0       0       0       0       0       0
      Temps:          1       0       0       0       0       0       0
      Totals:         1       0       0       0       0       0       0
Total ram usage:        1 bytes
 Hardware stack levels used:    1
 This function calls:
		Nothing
 This function is called by:
		_OpenXLCD
 This function uses a non-reentrant model


 *************** function _Delay10KTCYx *****************
 Defined at:
		line 8 in file "C:\Program Files (x86)\Microchip\xc8\v1.38\sources\pic18\d10ktcyx.c"
 Parameters:    Size  Location     Type
  unit            1    wreg     unsigned char 
 Auto vars:     Size  Location     Type
  unit            1    1[COMRAM] unsigned char 
 Return value:  Size  Location     Type
                  1    wreg      void 
 Registers used:
		wreg
 Tracked objects:
		On entry : 
		On exit  : 
		Unchanged: 
 Data sizes:     COMRAM   BANK0   BANK1   BANK2   BANK3   BANK4   BANK5
      Params:         0       0       0       0       0       0       0
      Locals:         1       0       0       0       0       0       0
      Temps:          1       0       0       0       0       0       0
      Totals:         2       0       0       0       0       0       0
Total ram usage:        2 bytes
 Hardware stack levels used:    1
 This function calls:
		Nothing
 This function is called by:
		_OpenXLCD
 This function uses a non-reentrant model


 *************** function _BusyXLCD *****************
 Defined at:
		line 11 in file "C:/Users/Daniel Phillips/Documents/UWI/Year 3/ECNG 3006/Projects/L01_814002896XC8.X/busyxlcd.c"
 Parameters:    Size  Location     Type
		None
 Auto vars:     Size  Location     Type
		None
 Return value:  Size  Location     Type
                  1    wreg      unsigned char 
 Registers used:
		wreg, cstack
 Tracked objects:
		On entry : 
		On exit  : 
		Unchanged: 
 Data sizes:     COMRAM   BANK0   BANK1   BANK2   BANK3   BANK4   BANK5
      Params:         0       0       0       0       0       0       0
      Locals:         0       0       0       0       0       0       0
      Temps:          0       0       0       0       0       0       0
      Totals:         0       0       0       0       0       0       0
Total ram usage:        0 bytes
 Hardware stack levels used:    1
 Hardware stack levels required when called:    1
 This function calls:
		_DelayFor18TCY
 This function is called by:
		_main
		_OpenXLCD
		_putsXLCD
		_putrsXLCD
 This function uses a non-reentrant model


 *************** function _DelayFor18TCY *****************
 Defined at:
		line 17 in file "C:/Users/Daniel Phillips/Documents/UWI/Year 3/ECNG 3006/Projects/L01_814002896XC8.X/lab1asm.c"
 Parameters:    Size  Location     Type
		None
 Auto vars:     Size  Location     Type
		None
 Return value:  Size  Location     Type
                  1    wreg      void 
 Registers used:
		wreg
 Tracked objects:
		On entry : 
		On exit  : 
		Unchanged: 
 Data sizes:     COMRAM   BANK0   BANK1   BANK2   BANK3   BANK4   BANK5
      Params:         0       0       0       0       0       0       0
      Locals:         0       0       0       0       0       0       0
      Temps:          0       0       0       0       0       0       0
      Totals:         0       0       0       0       0       0       0
Total ram usage:        0 bytes
 Hardware stack levels used:    1
 This function calls:
		Nothing
 This function is called by:
		_BusyXLCD
		_SetDDRamAddr
		_WriteCmdXLCD
		_WriteDataXLCD
		_ReadAddrXLCD
		_ReadDataXLCD
		_SetCGRamAddr
 This function uses a non-reentrant model



MODULE INFORMATION

Module		Function		Class		Link	Load	Size
C:/Users/Daniel Phillips/Documents/UWI/Year 3/ECNG 3006/Projects/L01_814002896XC8.X/openxlcd.c
		_OpenXLCD      		CODE           	3E82	0000	383

C:/Users/Daniel Phillips/Documents/UWI/Year 3/ECNG 3006/Projects/L01_814002896XC8.X/openxlcd.c estimated size: 383

C:/Users/Daniel Phillips/Documents/UWI/Year 3/ECNG 3006/Projects/L01_814002896XC8.X/wcmdxlcd.c
		_WriteCmdXLCD  		CODE           	3B42	0000	73

C:/Users/Daniel Phillips/Documents/UWI/Year 3/ECNG 3006/Projects/L01_814002896XC8.X/wcmdxlcd.c estimated size: 73

C:\Program Files (x86)\Microchip\xc8\v1.38\sources\pic18\d10ktcyx.c
		_Delay10KTCYx  		CODE           	3B16	0000	45

C:\Program Files (x86)\Microchip\xc8\v1.38\sources\pic18\d10ktcyx.c estimated size: 45

C:/Users/Daniel Phillips/Documents/UWI/Year 3/ECNG 3006/Projects/L01_814002896XC8.X/lab1asm.c
		_main          		CODE           	3D36	0000	333
		_DelayFor18TCY 		CODE           	3AE8	0000	19
		_DelayPORXLCD  		CODE           	3AFC	0000	27

C:/Users/Daniel Phillips/Documents/UWI/Year 3/ECNG 3006/Projects/L01_814002896XC8.X/lab1asm.c estimated size: 379

C:/Users/Daniel Phillips/Documents/UWI/Year 3/ECNG 3006/Projects/L01_814002896XC8.X/putsxlcd.c
		_putsXLCD      		CODE           	3CCA	0000	109

C:/Users/Daniel Phillips/Documents/UWI/Year 3/ECNG 3006/Projects/L01_814002896XC8.X/putsxlcd.c estimated size: 109

C:/Users/Daniel Phillips/Documents/UWI/Year 3/ECNG 3006/Projects/L01_814002896XC8.X/writdata.c
		_WriteDataXLCD 		CODE           	3B8A	0000	73

C:/Users/Daniel Phillips/Documents/UWI/Year 3/ECNG 3006/Projects/L01_814002896XC8.X/writdata.c estimated size: 73

shared
		__initialization		CODE           	3ADE	0000	5

shared estimated size: 5

C:/Users/Daniel Phillips/Documents/UWI/Year 3/ECNG 3006/Projects/L01_814002896XC8.X/setddram.c
		_SetDDRamAddr  		CODE           	3BD2	0000	75

C:/Users/Daniel Phillips/Documents/UWI/Year 3/ECNG 3006/Projects/L01_814002896XC8.X/setddram.c estimated size: 75

C:/Users/Daniel Phillips/Documents/UWI/Year 3/ECNG 3006/Projects/L01_814002896XC8.X/busyxlcd.c
		_BusyXLCD      		CODE           	3C68	0000	99

C:/Users/Daniel Phillips/Documents/UWI/Year 3/ECNG 3006/Projects/L01_814002896XC8.X/busyxlcd.c estimated size: 99

